{
  "address": "https://www.pinterest.com/pin/88101736451686635/",
  "dataMode": "json",
  "hotlinkProtected": false,
  "connectionTimeOut": -1,
  "otherPropertiesMap": {
    "CustomFolderName": "basketfuls/goldens",
    "CustomFileName": "88101736451686635",
    "FileExtensionHandleMethod": "workoutExtension",
    "_json": {
      "id": "88101736451686635",
      "url": "https://www.pinterest.com/pin/88101736451686635/",
      "type": "pin",
      "title": "",
      "gridTitle": "",
      "description": " ",
      "link": "https://fbcdn-sphotos-d-a.akamaihd.net/hphotos-ak-xtp1/v/t1.0-9/p320x320/11701154_842176169169581_5453640328692017418_n.jpg?oh=87592ee4b9a9ac0da273ffac5bbbe798&oe=565AB1E3&__gda__=1445234548_72f99f01f80b380c669e0d7e368de6cc",
      "category": "",
      "isStoryPin": false,
      "isCarousel": false,
      "doneByMe": false,
      "favouritedByMe": false,
      "isRepin": true,
      "storyPinItemCount": 0,
      "carouselItemCount": 0,
      "repinCount": 0,
      "favouriteUserCount": 0,
      "board": {
        "url": "https://www.pinterest.com/basketfuls/goldens/",
        "name": "Goldens",
        "type": "board",
        "ownerUsername": "basketfuls",
        "ownerName": "S. L.",
        "ownerUrl": "https://www.pinterest.com/basketfuls/"
      },
      "media": [
        {
          "url": "https://i.pinimg.com/originals/05/bf/ce/05bfce3e23e319c43fa9df6151974216.jpg",
          "type": "image"
        }
      ]
    }
  }
}