{
  "address": "https://www.pinterest.com/pin/88101736446373890/",
  "dataMode": "json",
  "hotlinkProtected": false,
  "connectionTimeOut": -1,
  "otherPropertiesMap": {
    "CustomFolderName": "basketfuls/goldens",
    "CustomFileName": "88101736446373890",
    "FileExtensionHandleMethod": "workoutExtension",
    "_json": {
      "id": "88101736446373890",
      "url": "https://www.pinterest.com/pin/88101736446373890/",
      "type": "pin",
      "title": "",
      "gridTitle": "",
      "description": "Mail call... This one of the Goldens favorite things to do...",
      "category": "",
      "isStoryPin": false,
      "isCarousel": false,
      "doneByMe": false,
      "favouritedByMe": false,
      "isRepin": true,
      "storyPinItemCount": 0,
      "carouselItemCount": 0,
      "repinCount": 0,
      "favouriteUserCount": 0,
      "creator": {
        "username": "friendsfoodfam",
        "url": "https://www.pinterest.com/friendsfoodfam/",
        "name": "Tricia White"
      },
      "board": {
        "url": "https://www.pinterest.com/basketfuls/goldens/",
        "name": "Goldens",
        "type": "board",
        "ownerUsername": "basketfuls",
        "ownerName": "S. L.",
        "ownerUrl": "https://www.pinterest.com/basketfuls/"
      },
      "media": [
        {
          "url": "https://i.pinimg.com/originals/d1/64/20/d16420f4db10d264fb66c5e409b05166.jpg",
          "type": "image"
        }
      ]
    }
  }
}