{
  "address": "https://www.pinterest.com/pin/88101736448950629/",
  "dataMode": "json",
  "hotlinkProtected": false,
  "connectionTimeOut": -1,
  "otherPropertiesMap": {
    "CustomFolderName": "basketfuls/goldens",
    "CustomFileName": "88101736448950629",
    "FileExtensionHandleMethod": "workoutExtension",
    "_json": {
      "id": "88101736448950629",
      "url": "https://www.pinterest.com/pin/88101736448950629/",
      "type": "pin",
      "title": "",
      "gridTitle": "Golden Retrievers in the Rockies by Allison Mae Photography",
      "description": "Golden Retrievers in the Rockies by Allison Mae Photography | Pretty Fluffy",
      "link": "http://prettyfluffy.com/style-photography/pet-photography/golden-retrievers-in-the-rockies-by-allison-mae-photography",
      "category": "",
      "isStoryPin": false,
      "isCarousel": false,
      "doneByMe": false,
      "favouritedByMe": false,
      "isRepin": true,
      "storyPinItemCount": 0,
      "carouselItemCount": 0,
      "repinCount": 0,
      "favouriteUserCount": 0,
      "board": {
        "url": "https://www.pinterest.com/basketfuls/goldens/",
        "name": "Goldens",
        "type": "board",
        "ownerUsername": "basketfuls",
        "ownerName": "S. L.",
        "ownerUrl": "https://www.pinterest.com/basketfuls/"
      },
      "media": [
        {
          "url": "https://i.pinimg.com/originals/5c/6d/47/5c6d4738cd1587b5dc829f6cd3d57c28.jpg",
          "type": "image"
        }
      ]
    }
  }
}