{
  "address": "https://www.pinterest.com/pin/88101736450553213/",
  "dataMode": "json",
  "hotlinkProtected": false,
  "connectionTimeOut": -1,
  "otherPropertiesMap": {
    "CustomFolderName": "basketfuls/goldens",
    "CustomFileName": "88101736450553213",
    "FileExtensionHandleMethod": "workoutExtension",
    "_json": {
      "id": "88101736450553213",
      "url": "https://www.pinterest.com/pin/88101736450553213/",
      "type": "pin",
      "title": "",
      "gridTitle": "Cozy Mountain Weekend - Classy Girls Wear Pearls",
      "description": "Cozy Mountain Weekend - Classy Girls Wear Pearls",
      "link": "https://www.classygirlswearpearls.com/2018/11/cozy-mountain-weekend.html",
      "category": "",
      "isStoryPin": false,
      "isCarousel": false,
      "doneByMe": false,
      "favouritedByMe": false,
      "isRepin": true,
      "storyPinItemCount": 0,
      "carouselItemCount": 0,
      "repinCount": 0,
      "favouriteUserCount": 0,
      "board": {
        "url": "https://www.pinterest.com/basketfuls/goldens/",
        "name": "Goldens",
        "type": "board",
        "ownerUsername": "basketfuls",
        "ownerName": "S. L.",
        "ownerUrl": "https://www.pinterest.com/basketfuls/"
      },
      "media": [
        {
          "url": "https://i.pinimg.com/originals/93/c0/c8/93c0c844877771097c43baeb58393028.jpg",
          "type": "image"
        }
      ]
    }
  }
}