{
  "address": "https://www.pinterest.com/pin/88101736450501438/",
  "dataMode": "json",
  "hotlinkProtected": false,
  "connectionTimeOut": -1,
  "otherPropertiesMap": {
    "CustomFolderName": "basketfuls/goldens",
    "CustomFileName": "88101736450501438",
    "FileExtensionHandleMethod": "workoutExtension",
    "_json": {
      "id": "88101736450501438",
      "url": "https://www.pinterest.com/pin/88101736450501438/",
      "type": "pin",
      "title": "",
      "gridTitle": "Golden Retriever | De Honden Wereld",
      "description": "Beste Golden Retriever Foto's. #Goldenretriever #Golden #Retriever.",
      "link": "https://www.dehondenwereld.nl/golden-retriever/",
      "category": "",
      "isStoryPin": false,
      "isCarousel": false,
      "doneByMe": false,
      "favouritedByMe": false,
      "isRepin": true,
      "storyPinItemCount": 0,
      "carouselItemCount": 0,
      "repinCount": 0,
      "favouriteUserCount": 0,
      "creator": {
        "username": "hondenbaas",
        "url": "https://www.pinterest.com/hondenbaas/",
        "name": "De Hondenwereld"
      },
      "board": {
        "url": "https://www.pinterest.com/basketfuls/goldens/",
        "name": "Goldens",
        "type": "board",
        "ownerUsername": "basketfuls",
        "ownerName": "S. L.",
        "ownerUrl": "https://www.pinterest.com/basketfuls/"
      },
      "media": [
        {
          "url": "https://i.pinimg.com/originals/b3/9f/bc/b39fbc880fe27089d423ecf7d7dfeb8d.jpg",
          "type": "image"
        }
      ]
    }
  }
}