{
  "address": "https://www.pinterest.com/pin/88101736451411786/",
  "dataMode": "json",
  "hotlinkProtected": false,
  "connectionTimeOut": -1,
  "otherPropertiesMap": {
    "CustomFolderName": "basketfuls/goldens",
    "CustomFileName": "88101736451411786",
    "FileExtensionHandleMethod": "workoutExtension",
    "_json": {
      "id": "88101736451411786",
      "url": "https://www.pinterest.com/pin/88101736451411786/",
      "type": "pin",
      "title": "Come back late.",
      "gridTitle": "Come back late.",
      "description": "Funny cat and dogs.Style Living Room Couch Pet Bed with Removable Cover for Dogs and Cats(link)",
      "link": "https://amzn.to/2OoTc1U",
      "category": "",
      "isStoryPin": false,
      "isCarousel": false,
      "doneByMe": false,
      "favouritedByMe": false,
      "isRepin": true,
      "storyPinItemCount": 0,
      "carouselItemCount": 0,
      "repinCount": 0,
      "favouriteUserCount": 0,
      "board": {
        "url": "https://www.pinterest.com/basketfuls/goldens/",
        "name": "Goldens",
        "type": "board",
        "ownerUsername": "basketfuls",
        "ownerName": "S. L.",
        "ownerUrl": "https://www.pinterest.com/basketfuls/"
      },
      "media": [
        {
          "url": "https://i.pinimg.com/originals/64/eb/86/64eb8693a893749f94fa67fc0a4e09cb.png",
          "type": "image"
        },
        {
          "url": "https://v1.pinimg.com/videos/mc/720p/1c/2a/09/1c2a096fe85c97bb5260556d8c07a304.mp4",
          "type": "video"
        }
      ]
    }
  }
}