{
  "address": "https://www.pinterest.com/pin/88101736450553223/",
  "dataMode": "json",
  "hotlinkProtected": false,
  "connectionTimeOut": -1,
  "otherPropertiesMap": {
    "CustomFolderName": "basketfuls/goldens",
    "CustomFileName": "88101736450553223",
    "FileExtensionHandleMethod": "workoutExtension",
    "_json": {
      "id": "88101736450553223",
      "url": "https://www.pinterest.com/pin/88101736450553223/",
      "type": "pin",
      "title": "",
      "gridTitle": "Walking the Dog in the Rain",
      "description": "Walking the dog in the rain:",
      "link": "https://www.animalhub.com/walking-in-the-rain/?utm_content=buffer26dca&utm_medium=social&utm_source=pinterest.com&utm_campaign=buffer",
      "category": "",
      "isStoryPin": false,
      "isCarousel": false,
      "doneByMe": false,
      "favouritedByMe": false,
      "isRepin": true,
      "storyPinItemCount": 0,
      "carouselItemCount": 0,
      "repinCount": 0,
      "favouriteUserCount": 0,
      "board": {
        "url": "https://www.pinterest.com/basketfuls/goldens/",
        "name": "Goldens",
        "type": "board",
        "ownerUsername": "basketfuls",
        "ownerName": "S. L.",
        "ownerUrl": "https://www.pinterest.com/basketfuls/"
      },
      "media": [
        {
          "url": "https://i.pinimg.com/originals/8f/b4/af/8fb4af805d0c28541d8d4f8bdd051cec.jpg",
          "type": "image"
        }
      ]
    }
  }
}