{
  "address": "https://www.pinterest.com/pin/88101736452706995/",
  "dataMode": "json",
  "hotlinkProtected": false,
  "connectionTimeOut": -1,
  "otherPropertiesMap": {
    "CustomFolderName": "basketfuls/goldens",
    "CustomFileName": "88101736452706995",
    "FileExtensionHandleMethod": "workoutExtension",
    "_json": {
      "id": "88101736452706995",
      "url": "https://www.pinterest.com/pin/88101736452706995/",
      "type": "pin",
      "title": "Dog friends",
      "gridTitle": "Dog friends",
      "description": " ",
      "category": "",
      "isStoryPin": true,
      "isCarousel": false,
      "doneByMe": false,
      "favouritedByMe": false,
      "isRepin": true,
      "storyPinItemCount": 1,
      "carouselItemCount": 0,
      "repinCount": 0,
      "favouriteUserCount": 0,
      "creator": {
        "username": "marlondashopee",
        "url": "https://www.pinterest.com/marlondashopee/",
        "name": "Marlon da Shopee Shopee"
      },
      "board": {
        "url": "https://www.pinterest.com/basketfuls/goldens/",
        "name": "Goldens",
        "type": "board",
        "ownerUsername": "basketfuls",
        "ownerName": "S. L.",
        "ownerUrl": "https://www.pinterest.com/basketfuls/"
      },
      "media": [
        {
          "url": "https://v1.pinimg.com/videos/mc/720p/2b/39/0e/2b390e87f3721f18dc459ef8f1bbd6bc.mp4",
          "type": "video"
        }
      ]
    }
  }
}