{
  "address": "https://www.pinterest.com/pin/88101736449391551/",
  "dataMode": "json",
  "hotlinkProtected": false,
  "connectionTimeOut": -1,
  "otherPropertiesMap": {
    "CustomFolderName": "basketfuls/goldens",
    "CustomFileName": "88101736449391551",
    "FileExtensionHandleMethod": "workoutExtension",
    "_json": {
      "id": "88101736449391551",
      "url": "https://www.pinterest.com/pin/88101736449391551/",
      "type": "pin",
      "title": "",
      "gridTitle": "Golden Retriever - Why Are They The Perfect Pets - Doggie Woof",
      "description": "-Repinned-Beautiful Golden Retriever show trim. This looks like Noah when u groom him!! @jessica",
      "link": "http://doggiewoof.com/golden-retriever-why-are-they-the-perfect-pets/",
      "category": "",
      "isStoryPin": false,
      "isCarousel": false,
      "doneByMe": false,
      "favouritedByMe": false,
      "isRepin": true,
      "storyPinItemCount": 0,
      "carouselItemCount": 0,
      "repinCount": 0,
      "favouriteUserCount": 0,
      "board": {
        "url": "https://www.pinterest.com/basketfuls/goldens/",
        "name": "Goldens",
        "type": "board",
        "ownerUsername": "basketfuls",
        "ownerName": "S. L.",
        "ownerUrl": "https://www.pinterest.com/basketfuls/"
      },
      "media": [
        {
          "url": "https://i.pinimg.com/originals/57/92/81/5792818b7ddbacc347f5590e30b07a55.jpg",
          "type": "image"
        }
      ]
    }
  }
}