{
  "address": "https://www.pinterest.com/pin/88101736451542840/",
  "dataMode": "json",
  "hotlinkProtected": false,
  "connectionTimeOut": -1,
  "otherPropertiesMap": {
    "CustomFolderName": "basketfuls/goldens",
    "CustomFileName": "88101736451542840",
    "FileExtensionHandleMethod": "workoutExtension",
    "_json": {
      "id": "88101736451542840",
      "url": "https://www.pinterest.com/pin/88101736451542840/",
      "type": "pin",
      "title": "Tucker Reacts to Poop",
      "gridTitle": "Tucker Reacts to Poop",
      "description": " ",
      "category": "",
      "isStoryPin": true,
      "isCarousel": false,
      "doneByMe": false,
      "favouritedByMe": false,
      "isRepin": true,
      "storyPinItemCount": 1,
      "carouselItemCount": 0,
      "repinCount": 0,
      "favouriteUserCount": 0,
      "creator": {
        "username": "animalonplanet",
        "url": "https://www.pinterest.com/animalonplanet/",
        "name": "Animal On Planet"
      },
      "board": {
        "url": "https://www.pinterest.com/basketfuls/goldens/",
        "name": "Goldens",
        "type": "board",
        "ownerUsername": "basketfuls",
        "ownerName": "S. L.",
        "ownerUrl": "https://www.pinterest.com/basketfuls/"
      },
      "media": [
        {
          "url": "https://v1.pinimg.com/videos/mc/720p/df/c1/9b/dfc19ba5512a5301c2d73a8f31bf86c8.mp4",
          "type": "video"
        }
      ]
    }
  }
}