{
  "address": "https://www.pinterest.com/pin/88101736445106868/",
  "dataMode": "json",
  "hotlinkProtected": false,
  "connectionTimeOut": -1,
  "otherPropertiesMap": {
    "CustomFolderName": "basketfuls/goldens",
    "CustomFileName": "88101736445106868",
    "FileExtensionHandleMethod": "workoutExtension",
    "_json": {
      "id": "88101736445106868",
      "url": "https://www.pinterest.com/pin/88101736445106868/",
      "type": "pin",
      "title": "",
      "gridTitle": "",
      "description": "Wow",
      "link": "https://instagram.com/p/turDJnNT1g/",
      "category": "",
      "isStoryPin": false,
      "isCarousel": false,
      "doneByMe": false,
      "favouritedByMe": false,
      "isRepin": true,
      "storyPinItemCount": 0,
      "carouselItemCount": 0,
      "repinCount": 0,
      "favouriteUserCount": 0,
      "creator": {
        "username": "veelyy",
        "url": "https://www.pinterest.com/veelyy/",
        "name": "Veronika Marchina"
      },
      "board": {
        "url": "https://www.pinterest.com/basketfuls/goldens/",
        "name": "Goldens",
        "type": "board",
        "ownerUsername": "basketfuls",
        "ownerName": "S. L.",
        "ownerUrl": "https://www.pinterest.com/basketfuls/"
      },
      "media": [
        {
          "url": "https://i.pinimg.com/originals/32/e0/b3/32e0b35402039b8ab78ce25d392a6212.jpg",
          "type": "image"
        }
      ]
    }
  }
}