{
  "address": "https://www.pinterest.com/pin/88101736453218143/",
  "dataMode": "json",
  "hotlinkProtected": false,
  "connectionTimeOut": -1,
  "otherPropertiesMap": {
    "CustomFolderName": "basketfuls/goldens",
    "CustomFileName": "88101736453218143",
    "FileExtensionHandleMethod": "workoutExtension",
    "_json": {
      "id": "88101736453218143",
      "url": "https://www.pinterest.com/pin/88101736453218143/",
      "type": "pin",
      "title": "Sterling rolled in poop the next morning",
      "gridTitle": "Sterling rolled in poop the next morning",
      "description": " ",
      "link": "https://kingdomofdoggos.com/blogs/all-about-golden-retrievers/cute-golden-retriever-videos-will-make-you-smile",
      "category": "",
      "isStoryPin": false,
      "isCarousel": false,
      "doneByMe": false,
      "favouritedByMe": false,
      "isRepin": true,
      "storyPinItemCount": 0,
      "carouselItemCount": 0,
      "repinCount": 0,
      "favouriteUserCount": 0,
      "creator": {
        "username": "KingdomOfDoggo",
        "url": "https://www.pinterest.com/KingdomOfDoggo/",
        "name": "KingdomOfDoggos"
      },
      "board": {
        "url": "https://www.pinterest.com/basketfuls/goldens/",
        "name": "Goldens",
        "type": "board",
        "ownerUsername": "basketfuls",
        "ownerName": "S. L.",
        "ownerUrl": "https://www.pinterest.com/basketfuls/"
      },
      "media": [
        {
          "url": "https://i.pinimg.com/originals/64/f7/63/64f763a9aff3d887799fd5284404a237.jpg",
          "type": "image"
        },
        {
          "url": "https://v1.pinimg.com/videos/mc/720p/46/59/85/4659851693c76cc8d957cbf971835760.mp4",
          "type": "video"
        }
      ]
    }
  }
}