{
  "address": "https://www.pinterest.com/pin/88101736450315658/",
  "dataMode": "json",
  "hotlinkProtected": false,
  "connectionTimeOut": -1,
  "otherPropertiesMap": {
    "CustomFolderName": "basketfuls/goldens",
    "CustomFileName": "88101736450315658",
    "FileExtensionHandleMethod": "workoutExtension",
    "_json": {
      "id": "88101736450315658",
      "url": "https://www.pinterest.com/pin/88101736450315658/",
      "type": "pin",
      "title": "",
      "gridTitle": "",
      "description": " ",
      "category": "",
      "isStoryPin": false,
      "isCarousel": false,
      "doneByMe": false,
      "favouritedByMe": false,
      "isRepin": true,
      "storyPinItemCount": 0,
      "carouselItemCount": 0,
      "repinCount": 0,
      "favouriteUserCount": 0,
      "board": {
        "url": "https://www.pinterest.com/basketfuls/goldens/",
        "name": "Goldens",
        "type": "board",
        "ownerUsername": "basketfuls",
        "ownerName": "S. L.",
        "ownerUrl": "https://www.pinterest.com/basketfuls/"
      },
      "media": [
        {
          "url": "https://i.pinimg.com/originals/8a/c6/a7/8ac6a753a7c81c56d493d21ac57d096f.jpg",
          "type": "image"
        },
        {
          "url": "https://v1.pinimg.com/videos/mc/720p/39/94/95/399495f32f1e05bef879278479c2edb9.mp4",
          "type": "video"
        }
      ]
    }
  }
}