{
  "address": "https://www.pinterest.com/pin/88101736450280695/",
  "dataMode": "json",
  "hotlinkProtected": false,
  "connectionTimeOut": -1,
  "otherPropertiesMap": {
    "CustomFolderName": "basketfuls/goldens",
    "CustomFileName": "88101736450280695",
    "FileExtensionHandleMethod": "workoutExtension",
    "_json": {
      "id": "88101736450280695",
      "url": "https://www.pinterest.com/pin/88101736450280695/",
      "type": "pin",
      "title": "Methods of feeding golden retrievers",
      "gridTitle": "Methods of feeding golden retrievers",
      "description": "Scientifically raising golden retriever is the most important thing ~`",
      "link": "https://lgpetblog.blogspot.com/2020/01/methods-of-feeding-golden-retrievers.html",
      "category": "",
      "isStoryPin": false,
      "isCarousel": false,
      "doneByMe": false,
      "favouritedByMe": false,
      "isRepin": true,
      "storyPinItemCount": 0,
      "carouselItemCount": 0,
      "repinCount": 0,
      "favouriteUserCount": 0,
      "board": {
        "url": "https://www.pinterest.com/basketfuls/goldens/",
        "name": "Goldens",
        "type": "board",
        "ownerUsername": "basketfuls",
        "ownerName": "S. L.",
        "ownerUrl": "https://www.pinterest.com/basketfuls/"
      },
      "media": [
        {
          "url": "https://i.pinimg.com/originals/64/78/c9/6478c944856f9db82475ce40433bec04.jpg",
          "type": "image"
        }
      ]
    }
  }
}