{
  "address": "https://www.pinterest.com/pin/88101736453218150/",
  "dataMode": "json",
  "hotlinkProtected": false,
  "connectionTimeOut": -1,
  "otherPropertiesMap": {
    "CustomFolderName": "basketfuls/goldens",
    "CustomFileName": "88101736453218150",
    "FileExtensionHandleMethod": "workoutExtension",
    "_json": {
      "id": "88101736453218150",
      "url": "https://www.pinterest.com/pin/88101736453218150/",
      "type": "pin",
      "title": "Cute And Mad DogðŸ™ˆ.",
      "gridTitle": "Cute And Mad DogðŸ™ˆ.",
      "description": " ",
      "category": "",
      "isStoryPin": true,
      "isCarousel": false,
      "doneByMe": false,
      "favouritedByMe": false,
      "isRepin": true,
      "storyPinItemCount": 1,
      "carouselItemCount": 0,
      "repinCount": 0,
      "favouriteUserCount": 0,
      "creator": {
        "username": "Paw_Chat",
        "url": "https://www.pinterest.com/Paw_Chat/",
        "name": "The Paw Chat"
      },
      "board": {
        "url": "https://www.pinterest.com/basketfuls/goldens/",
        "name": "Goldens",
        "type": "board",
        "ownerUsername": "basketfuls",
        "ownerName": "S. L.",
        "ownerUrl": "https://www.pinterest.com/basketfuls/"
      },
      "media": [
        {
          "url": "https://v1.pinimg.com/videos/mc/720p/f4/26/ee/f426eeb36e7d3a8a98d18c61d867c236.mp4",
          "type": "video"
        }
      ]
    }
  }
}