{
  "address": "https://www.pinterest.com/pin/88101736450300375/",
  "dataMode": "json",
  "hotlinkProtected": false,
  "connectionTimeOut": -1,
  "otherPropertiesMap": {
    "CustomFolderName": "basketfuls/goldens",
    "CustomFileName": "88101736450300375",
    "FileExtensionHandleMethod": "workoutExtension",
    "_json": {
      "id": "88101736450300375",
      "url": "https://www.pinterest.com/pin/88101736450300375/",
      "type": "pin",
      "title": "",
      "gridTitle": "Norwich Terrier Dog Breed & Adoption Information",
      "description": "Norwich Terrier",
      "link": "https://www.petfinder.com/dog-breeds/norwich-terrier/",
      "category": "",
      "isStoryPin": false,
      "isCarousel": false,
      "doneByMe": false,
      "favouritedByMe": false,
      "isRepin": true,
      "storyPinItemCount": 0,
      "carouselItemCount": 0,
      "repinCount": 0,
      "favouriteUserCount": 0,
      "board": {
        "url": "https://www.pinterest.com/basketfuls/goldens/",
        "name": "Goldens",
        "type": "board",
        "ownerUsername": "basketfuls",
        "ownerName": "S. L.",
        "ownerUrl": "https://www.pinterest.com/basketfuls/"
      },
      "media": [
        {
          "url": "https://i.pinimg.com/originals/b2/6d/48/b26d48109a9378f81b467d1172af98ab.jpg",
          "type": "image"
        }
      ]
    }
  }
}