{
  "address": "https://www.pinterest.com/pin/88101736450517836/",
  "dataMode": "json",
  "hotlinkProtected": false,
  "connectionTimeOut": -1,
  "otherPropertiesMap": {
    "CustomFolderName": "basketfuls/goldens",
    "CustomFileName": "88101736450517836",
    "FileExtensionHandleMethod": "workoutExtension",
    "_json": {
      "id": "88101736450517836",
      "url": "https://www.pinterest.com/pin/88101736450517836/",
      "type": "pin",
      "title": "",
      "gridTitle": "Rose McMahon Creative",
      "description": "AMAZING 14 year old New Zealand Photographer - www.rosemcmahon.com",
      "link": "http://rosemcmahon.com/",
      "category": "",
      "isStoryPin": false,
      "isCarousel": false,
      "doneByMe": false,
      "favouritedByMe": false,
      "isRepin": true,
      "storyPinItemCount": 0,
      "carouselItemCount": 0,
      "repinCount": 3,
      "favouriteUserCount": 0,
      "creator": {
        "username": "forgetmenotjournals",
        "url": "https://www.pinterest.com/forgetmenotjournals/",
        "name": "FORGET ME NOT JOURNALS"
      },
      "board": {
        "url": "https://www.pinterest.com/basketfuls/goldens/",
        "name": "Goldens",
        "type": "board",
        "ownerUsername": "basketfuls",
        "ownerName": "S. L.",
        "ownerUrl": "https://www.pinterest.com/basketfuls/"
      },
      "media": [
        {
          "url": "https://i.pinimg.com/originals/61/6b/cf/616bcf53b137f089cf14472f746e4f71.jpg",
          "type": "image"
        }
      ]
    }
  }
}