{
  "address": "https://www.pinterest.com/pin/88101736448950632/",
  "dataMode": "json",
  "hotlinkProtected": false,
  "connectionTimeOut": -1,
  "otherPropertiesMap": {
    "CustomFolderName": "basketfuls/goldens",
    "CustomFileName": "88101736448950632",
    "FileExtensionHandleMethod": "workoutExtension",
    "_json": {
      "id": "88101736448950632",
      "url": "https://www.pinterest.com/pin/88101736448950632/",
      "type": "pin",
      "title": "",
      "gridTitle": "",
      "description": "Molson & Maple on Instagram: “When tug-of-war lasts too long and ur sleepy 😴 😂 SOUND ON🔈”",
      "link": "https://www.instagram.com/p/Bx7fihyh5uM/?igshid=7oop0j3377yh",
      "category": "",
      "isStoryPin": false,
      "isCarousel": false,
      "doneByMe": false,
      "favouritedByMe": false,
      "isRepin": true,
      "storyPinItemCount": 0,
      "carouselItemCount": 0,
      "repinCount": 0,
      "favouriteUserCount": 0,
      "board": {
        "url": "https://www.pinterest.com/basketfuls/goldens/",
        "name": "Goldens",
        "type": "board",
        "ownerUsername": "basketfuls",
        "ownerName": "S. L.",
        "ownerUrl": "https://www.pinterest.com/basketfuls/"
      },
      "media": [
        {
          "url": "https://i.pinimg.com/originals/99/d6/37/99d63764d861273254280def8882ca28.jpg",
          "type": "image"
        }
      ]
    }
  }
}