{
  "address": "https://www.pinterest.com/pin/88101736450517835/",
  "dataMode": "json",
  "hotlinkProtected": false,
  "connectionTimeOut": -1,
  "otherPropertiesMap": {
    "CustomFolderName": "basketfuls/goldens",
    "CustomFileName": "88101736450517835",
    "FileExtensionHandleMethod": "workoutExtension",
    "_json": {
      "id": "88101736450517835",
      "url": "https://www.pinterest.com/pin/88101736450517835/",
      "type": "pin",
      "title": "",
      "gridTitle": "National Dog Party Day: Tips To Make Your Dog Party A Barking Blast",
      "description": "Awesome \"golden retriever puppies\" info is available on our site. Read more and you wont be sorry you did.",
      "link": "https://dogtime.com/holiday/64969-national-dog-party-day-tips-to-make-your-dog-party-a-barking-blast?fundoginfo=5369453570",
      "category": "",
      "isStoryPin": false,
      "isCarousel": false,
      "doneByMe": false,
      "favouritedByMe": false,
      "isRepin": true,
      "storyPinItemCount": 0,
      "carouselItemCount": 0,
      "repinCount": 0,
      "favouriteUserCount": 0,
      "board": {
        "url": "https://www.pinterest.com/basketfuls/goldens/",
        "name": "Goldens",
        "type": "board",
        "ownerUsername": "basketfuls",
        "ownerName": "S. L.",
        "ownerUrl": "https://www.pinterest.com/basketfuls/"
      },
      "media": [
        {
          "url": "https://i.pinimg.com/originals/b8/5a/aa/b85aaa5f941baa5589a9496f15fb4412.jpg",
          "type": "image"
        }
      ]
    }
  }
}