{
  "address": "https://www.pinterest.com/pin/88101736453287742/",
  "dataMode": "json",
  "hotlinkProtected": false,
  "connectionTimeOut": -1,
  "otherPropertiesMap": {
    "CustomFolderName": "basketfuls/goldens",
    "CustomFileName": "88101736453287742",
    "FileExtensionHandleMethod": "workoutExtension",
    "_json": {
      "id": "88101736453287742",
      "url": "https://www.pinterest.com/pin/88101736453287742/",
      "type": "pin",
      "title": "It’s his big day too",
      "gridTitle": "It’s his big day too",
      "description": " ",
      "link": "https://kingdomofdoggos.com/blogs/all-about-dogs/funny-doggo-moments",
      "category": "",
      "isStoryPin": false,
      "isCarousel": false,
      "doneByMe": false,
      "favouritedByMe": false,
      "isRepin": true,
      "storyPinItemCount": 0,
      "carouselItemCount": 0,
      "repinCount": 0,
      "favouriteUserCount": 0,
      "creator": {
        "username": "KingdomOfDoggo",
        "url": "https://www.pinterest.com/KingdomOfDoggo/",
        "name": "KingdomOfDoggos"
      },
      "board": {
        "url": "https://www.pinterest.com/basketfuls/goldens/",
        "name": "Goldens",
        "type": "board",
        "ownerUsername": "basketfuls",
        "ownerName": "S. L.",
        "ownerUrl": "https://www.pinterest.com/basketfuls/"
      },
      "media": [
        {
          "url": "https://i.pinimg.com/originals/60/a8/ed/60a8eda47d09499e3563b25ae89e15f6.jpg",
          "type": "image"
        },
        {
          "url": "https://v1.pinimg.com/videos/mc/720p/08/c6/e0/08c6e0747712cb56136e9d9f0af0845a.mp4",
          "type": "video"
        }
      ]
    }
  }
}