{
  "address": "https://www.pinterest.com/pin/88101736450517834/",
  "dataMode": "json",
  "hotlinkProtected": false,
  "connectionTimeOut": -1,
  "otherPropertiesMap": {
    "CustomFolderName": "basketfuls/goldens",
    "CustomFileName": "88101736450517834",
    "FileExtensionHandleMethod": "workoutExtension",
    "_json": {
      "id": "88101736450517834",
      "url": "https://www.pinterest.com/pin/88101736450517834/",
      "type": "pin",
      "title": "",
      "gridTitle": "The Most Stunning Photos of Golden Retrievers You'll See",
      "description": "Gorgeous Photos Of Golden Retrievers Showcase The Beauty And Personality Of The Breed",
      "link": "http://barkpost.com/discover/golden-retriever-portraits",
      "category": "",
      "isStoryPin": false,
      "isCarousel": false,
      "doneByMe": false,
      "favouritedByMe": false,
      "isRepin": true,
      "storyPinItemCount": 0,
      "carouselItemCount": 0,
      "repinCount": 0,
      "favouriteUserCount": 0,
      "board": {
        "url": "https://www.pinterest.com/basketfuls/goldens/",
        "name": "Goldens",
        "type": "board",
        "ownerUsername": "basketfuls",
        "ownerName": "S. L.",
        "ownerUrl": "https://www.pinterest.com/basketfuls/"
      },
      "media": [
        {
          "url": "https://i.pinimg.com/originals/73/fc/b5/73fcb538381b37ac64406dd4199cb414.jpg",
          "type": "image"
        }
      ]
    }
  }
}