{
  "address": "https://www.pinterest.com/pin/88101736450419006/",
  "dataMode": "json",
  "hotlinkProtected": false,
  "connectionTimeOut": -1,
  "otherPropertiesMap": {
    "CustomFolderName": "basketfuls/goldens",
    "CustomFileName": "88101736450419006",
    "FileExtensionHandleMethod": "workoutExtension",
    "_json": {
      "id": "88101736450419006",
      "url": "https://www.pinterest.com/pin/88101736450419006/",
      "type": "pin",
      "title": "",
      "gridTitle": "Two good boyes",
      "description": "Two good boyes #Music #IndieArtist #Chicago",
      "link": "https://www.reddit.com/r/aww/comments/aieusp/two_good_boyes/?utm_source=ifttt",
      "category": "",
      "isStoryPin": false,
      "isCarousel": false,
      "doneByMe": false,
      "favouritedByMe": false,
      "isRepin": true,
      "storyPinItemCount": 0,
      "carouselItemCount": 0,
      "repinCount": 0,
      "favouriteUserCount": 0,
      "board": {
        "url": "https://www.pinterest.com/basketfuls/goldens/",
        "name": "Goldens",
        "type": "board",
        "ownerUsername": "basketfuls",
        "ownerName": "S. L.",
        "ownerUrl": "https://www.pinterest.com/basketfuls/"
      },
      "media": [
        {
          "url": "https://i.pinimg.com/originals/76/73/dc/7673dc4cd094fa3d4c86b4dbe2347d1b.jpg",
          "type": "image"
        }
      ]
    }
  }
}