{
  "address": "https://www.pinterest.com/pin/88101736450517837/",
  "dataMode": "json",
  "hotlinkProtected": false,
  "connectionTimeOut": -1,
  "otherPropertiesMap": {
    "CustomFolderName": "basketfuls/goldens",
    "CustomFileName": "88101736450517837",
    "FileExtensionHandleMethod": "workoutExtension",
    "_json": {
      "id": "88101736450517837",
      "url": "https://www.pinterest.com/pin/88101736450517837/",
      "type": "pin",
      "title": "",
      "gridTitle": "Puppy with rose by Anna Auerbach / 500px",
      "description": "Photograph Puppy with rose by Anna Auerbach on 500px",
      "link": "https://500px.com/photo/98912589/puppy-with-rose-by-anna-auerbach",
      "category": "",
      "isStoryPin": false,
      "isCarousel": false,
      "doneByMe": false,
      "favouritedByMe": false,
      "isRepin": true,
      "storyPinItemCount": 0,
      "carouselItemCount": 0,
      "repinCount": 0,
      "favouriteUserCount": 0,
      "board": {
        "url": "https://www.pinterest.com/basketfuls/goldens/",
        "name": "Goldens",
        "type": "board",
        "ownerUsername": "basketfuls",
        "ownerName": "S. L.",
        "ownerUrl": "https://www.pinterest.com/basketfuls/"
      },
      "media": [
        {
          "url": "https://i.pinimg.com/originals/e9/99/80/e9998006cdb92b02d7557dc7e78b5d39.jpg",
          "type": "image"
        }
      ]
    }
  }
}