{
  "address": "https://www.pinterest.com/pin/88101736445582926/",
  "dataMode": "json",
  "hotlinkProtected": false,
  "connectionTimeOut": -1,
  "otherPropertiesMap": {
    "CustomFolderName": "basketfuls/goldens",
    "CustomFileName": "88101736445582926",
    "FileExtensionHandleMethod": "workoutExtension",
    "_json": {
      "id": "88101736445582926",
      "url": "https://www.pinterest.com/pin/88101736445582926/",
      "type": "pin",
      "title": "",
      "gridTitle": "Golden Retriever Planter Pick Stake Dark",
      "description": "Golden Retriever Planter Stake Dark This versatile line of Golden Retriever planter stakes is a favorite for dog lovers! These stakes can be placed in a planter on your covered porch, a plant in your home or in a fresh bouquet of flowers! Each dog on the stake is cast from an original handcrafted woodcarving. â€¦",
      "link": "https://dogloverstore.com/shop/golden-retriever-planter-pick-stake-dark/",
      "category": "",
      "isStoryPin": false,
      "isCarousel": false,
      "doneByMe": false,
      "favouritedByMe": false,
      "isRepin": true,
      "storyPinItemCount": 0,
      "carouselItemCount": 0,
      "repinCount": 0,
      "favouriteUserCount": 0,
      "board": {
        "url": "https://www.pinterest.com/basketfuls/goldens/",
        "name": "Goldens",
        "type": "board",
        "ownerUsername": "basketfuls",
        "ownerName": "S. L.",
        "ownerUrl": "https://www.pinterest.com/basketfuls/"
      },
      "media": [
        {
          "url": "https://i.pinimg.com/originals/79/ae/d8/79aed8d2588140b2f47a6a51b35f79c1.jpg",
          "type": "image"
        }
      ]
    }
  }
}