{
  "address": "https://www.pinterest.com/pin/88101736448950630/",
  "dataMode": "json",
  "hotlinkProtected": false,
  "connectionTimeOut": -1,
  "otherPropertiesMap": {
    "CustomFolderName": "basketfuls/goldens",
    "CustomFileName": "88101736448950630",
    "FileExtensionHandleMethod": "workoutExtension",
    "_json": {
      "id": "88101736448950630",
      "url": "https://www.pinterest.com/pin/88101736448950630/",
      "type": "pin",
      "title": "",
      "gridTitle": "Buy Puppies, Pets & Dog Supplies",
      "description": "Did you know that Petland Novi has been open for over 18 Years and finds homesâ€¦ #happydogsmile",
      "link": "http://www.petlandnovi.com/",
      "category": "",
      "isStoryPin": false,
      "isCarousel": false,
      "doneByMe": false,
      "favouritedByMe": false,
      "isRepin": true,
      "storyPinItemCount": 0,
      "carouselItemCount": 0,
      "repinCount": 0,
      "favouriteUserCount": 0,
      "board": {
        "url": "https://www.pinterest.com/basketfuls/goldens/",
        "name": "Goldens",
        "type": "board",
        "ownerUsername": "basketfuls",
        "ownerName": "S. L.",
        "ownerUrl": "https://www.pinterest.com/basketfuls/"
      },
      "media": [
        {
          "url": "https://i.pinimg.com/originals/06/a3/ec/06a3ec497c707f1dc70fb19791eeae02.jpg",
          "type": "image"
        }
      ]
    }
  }
}