{
  "address": "https://www.pinterest.com/pin/88101736451672667/",
  "dataMode": "json",
  "hotlinkProtected": false,
  "connectionTimeOut": -1,
  "otherPropertiesMap": {
    "CustomFolderName": "basketfuls/goldens",
    "CustomFileName": "88101736451672667",
    "FileExtensionHandleMethod": "workoutExtension",
    "_json": {
      "id": "88101736451672667",
      "url": "https://www.pinterest.com/pin/88101736451672667/",
      "type": "pin",
      "title": "",
      "gridTitle": "Dog flower - Animals",
      "description": "Dog flower",
      "link": "https://9gag.com/gag/av8Ax3q?ref=pn",
      "category": "",
      "isStoryPin": false,
      "isCarousel": false,
      "doneByMe": false,
      "favouritedByMe": false,
      "isRepin": true,
      "storyPinItemCount": 0,
      "carouselItemCount": 0,
      "repinCount": 0,
      "favouriteUserCount": 0,
      "board": {
        "url": "https://www.pinterest.com/basketfuls/goldens/",
        "name": "Goldens",
        "type": "board",
        "ownerUsername": "basketfuls",
        "ownerName": "S. L.",
        "ownerUrl": "https://www.pinterest.com/basketfuls/"
      },
      "media": [
        {
          "url": "https://i.pinimg.com/originals/53/80/fa/5380fa8b552b468e2b694c71eafae302.jpg",
          "type": "image"
        }
      ]
    }
  }
}