{
  "address": "https://www.pinterest.com/pin/88101736452365337/",
  "dataMode": "json",
  "hotlinkProtected": false,
  "connectionTimeOut": -1,
  "otherPropertiesMap": {
    "CustomFolderName": "basketfuls/goldens",
    "CustomFileName": "88101736452365337",
    "FileExtensionHandleMethod": "workoutExtension",
    "_json": {
      "id": "88101736452365337",
      "url": "https://www.pinterest.com/pin/88101736452365337/",
      "type": "pin",
      "title": "",
      "gridTitle": "がっくり",
      "description": "w–o–o–d–l–a–n–d: ↟ explore more pics by... | がっくり",
      "link": "https://circlinq.tumblr.com/post/187307837623/woodland-explore-more-pics-by",
      "category": "",
      "isStoryPin": false,
      "isCarousel": false,
      "doneByMe": false,
      "favouritedByMe": false,
      "isRepin": true,
      "storyPinItemCount": 0,
      "carouselItemCount": 0,
      "repinCount": 0,
      "favouriteUserCount": 0,
      "board": {
        "url": "https://www.pinterest.com/basketfuls/goldens/",
        "name": "Goldens",
        "type": "board",
        "ownerUsername": "basketfuls",
        "ownerName": "S. L.",
        "ownerUrl": "https://www.pinterest.com/basketfuls/"
      },
      "media": [
        {
          "url": "https://i.pinimg.com/originals/0d/6c/8c/0d6c8ca377293c257b415ea4e6c9803e.png",
          "type": "image"
        }
      ]
    }
  }
}