{
  "address": "https://www.pinterest.com/pin/88101736453701552/",
  "dataMode": "json",
  "hotlinkProtected": false,
  "connectionTimeOut": -1,
  "otherPropertiesMap": {
    "CustomFolderName": "basketfuls/goldens",
    "CustomFileName": "88101736453701552",
    "FileExtensionHandleMethod": "workoutExtension",
    "_json": {
      "id": "88101736453701552",
      "url": "https://www.pinterest.com/pin/88101736453701552/",
      "type": "pin",
      "title": "Golden Retreiver diet  information. Warnings.",
      "gridTitle": "Taurine and Grain Free information - Golden Retriever Rescue of Mid Florida",
      "description": "Recent studies have shown that many golden retrievers are being diagnosed with taurine deficiency and dilated cardiomyopathy (DCM). If left untreated congestive heart failure and possibly death can occur. In the past this wasnâ€™t a problem for goldens. It occurred in larger dogs.",
      "link": "https://www.grrmf.org/news/taurine-and-grain-free-information/#:~:text=Peas,%20beans,%20pea%20starch,,block%20the%20function%20of%20taurine.&text=Taurine%20deficiency%20and%20dilated%20cardiomyopathy%20in%20golden%20retrievers%20fed%20commercial%20diets.",
      "category": "",
      "isStoryPin": false,
      "isCarousel": false,
      "doneByMe": false,
      "favouritedByMe": false,
      "isRepin": false,
      "storyPinItemCount": 0,
      "carouselItemCount": 0,
      "repinCount": 0,
      "favouriteUserCount": 0,
      "board": {
        "url": "https://www.pinterest.com/basketfuls/goldens/",
        "name": "Goldens",
        "type": "board",
        "ownerUsername": "basketfuls",
        "ownerName": "S. L.",
        "ownerUrl": "https://www.pinterest.com/basketfuls/"
      },
      "media": [
        {
          "url": "https://i.pinimg.com/originals/61/98/70/619870072410d9e3cd756b2bcc476fbd.jpg",
          "type": "image"
        }
      ]
    }
  }
}