{
  "address": "https://www.pinterest.com/pin/88101736448997520/",
  "dataMode": "json",
  "hotlinkProtected": false,
  "connectionTimeOut": -1,
  "otherPropertiesMap": {
    "CustomFolderName": "basketfuls/goldens",
    "CustomFileName": "88101736448997520",
    "FileExtensionHandleMethod": "workoutExtension",
    "_json": {
      "id": "88101736448997520",
      "url": "https://www.pinterest.com/pin/88101736448997520/",
      "type": "pin",
      "title": "Dogs..Weekend vibes",
      "gridTitle": "Dogs..Weekend vibes",
      "description": "Check out our Memorial Day sales on \"pup crew \"weekend vibes\" dog & cat t-shirt, medium\" at its new low price. Get the perfect gift before it's gone#dogscute #cutedogs #funnydogs",
      "link": "https://www.pet-needs.club/dog-toys-near-me/",
      "category": "",
      "isStoryPin": false,
      "isCarousel": false,
      "doneByMe": false,
      "favouritedByMe": false,
      "isRepin": true,
      "storyPinItemCount": 0,
      "carouselItemCount": 0,
      "repinCount": 0,
      "favouriteUserCount": 0,
      "creator": {
        "username": "pet_needs",
        "url": "https://www.pinterest.com/pet_needs/",
        "name": "PET NEEDS"
      },
      "board": {
        "url": "https://www.pinterest.com/basketfuls/goldens/",
        "name": "Goldens",
        "type": "board",
        "ownerUsername": "basketfuls",
        "ownerName": "S. L.",
        "ownerUrl": "https://www.pinterest.com/basketfuls/"
      },
      "media": [
        {
          "url": "https://i.pinimg.com/originals/e8/20/64/e82064b43f91cbf7304892c04755cff3.jpg",
          "type": "image"
        },
        {
          "url": "https://v1.pinimg.com/videos/mc/720p/7f/31/a1/7f31a1fe01a941287306bc07defc9cec.mp4",
          "type": "video"
        }
      ]
    }
  }
}