{
  "address": "https://www.pinterest.com/pin/88101736452706986/",
  "dataMode": "json",
  "hotlinkProtected": false,
  "connectionTimeOut": -1,
  "otherPropertiesMap": {
    "CustomFolderName": "basketfuls/goldens",
    "CustomFileName": "88101736452706986",
    "FileExtensionHandleMethod": "workoutExtension",
    "_json": {
      "id": "88101736452706986",
      "url": "https://www.pinterest.com/pin/88101736452706986/",
      "type": "pin",
      "title": "POOP BAGðŸ’©on a string is doin me the ultimate defeat.",
      "gridTitle": "POOP BAGðŸ’©on a string is doin me the ultimate defeat.",
      "description": " ",
      "category": "",
      "isStoryPin": true,
      "isCarousel": false,
      "doneByMe": false,
      "favouritedByMe": false,
      "isRepin": true,
      "storyPinItemCount": 1,
      "carouselItemCount": 0,
      "repinCount": 0,
      "favouriteUserCount": 0,
      "creator": {
        "username": "swiftpaws_official",
        "url": "https://www.pinterest.com/swiftpaws_official/",
        "name": "swiftpaws"
      },
      "board": {
        "url": "https://www.pinterest.com/basketfuls/goldens/",
        "name": "Goldens",
        "type": "board",
        "ownerUsername": "basketfuls",
        "ownerName": "S. L.",
        "ownerUrl": "https://www.pinterest.com/basketfuls/"
      },
      "media": [
        {
          "url": "https://v1.pinimg.com/videos/mc/720p/b3/e5/f9/b3e5f9602753b34e609f71576f51bacd.mp4",
          "type": "video"
        }
      ]
    }
  }
}