{
  "address": "https://www.pinterest.com/pin/88101736450419029/",
  "dataMode": "json",
  "hotlinkProtected": false,
  "connectionTimeOut": -1,
  "otherPropertiesMap": {
    "CustomFolderName": "basketfuls/goldens",
    "CustomFileName": "88101736450419029",
    "FileExtensionHandleMethod": "workoutExtension",
    "_json": {
      "id": "88101736450419029",
      "url": "https://www.pinterest.com/pin/88101736450419029/",
      "type": "pin",
      "title": "",
      "gridTitle": "August Photo Contest Winner-Dog Category",
      "description": "August Photo Contest Winner-Dog Category | par Drs Foster and Smith",
      "link": "https://www.flickr.com/photos/29958843@N06/3074678777/",
      "category": "",
      "isStoryPin": false,
      "isCarousel": false,
      "doneByMe": false,
      "favouritedByMe": false,
      "isRepin": true,
      "storyPinItemCount": 0,
      "carouselItemCount": 0,
      "repinCount": 0,
      "favouriteUserCount": 0,
      "board": {
        "url": "https://www.pinterest.com/basketfuls/goldens/",
        "name": "Goldens",
        "type": "board",
        "ownerUsername": "basketfuls",
        "ownerName": "S. L.",
        "ownerUrl": "https://www.pinterest.com/basketfuls/"
      },
      "media": [
        {
          "url": "https://i.pinimg.com/originals/ef/99/7e/ef997ece0f729b936e9d9444252c7a8a.jpg",
          "type": "image"
        }
      ]
    }
  }
}