{
  "address": "https://www.pinterest.com/pin/88101736446373891/",
  "dataMode": "json",
  "hotlinkProtected": false,
  "connectionTimeOut": -1,
  "otherPropertiesMap": {
    "CustomFolderName": "basketfuls/goldens",
    "CustomFileName": "88101736446373891",
    "FileExtensionHandleMethod": "workoutExtension",
    "_json": {
      "id": "88101736446373891",
      "url": "https://www.pinterest.com/pin/88101736446373891/",
      "type": "pin",
      "title": "",
      "gridTitle": "Golden Retriever",
      "description": " ",
      "link": "http://product.diamondclothings.com/golden-retriever",
      "category": "",
      "isStoryPin": false,
      "isCarousel": false,
      "doneByMe": false,
      "favouritedByMe": false,
      "isRepin": true,
      "storyPinItemCount": 0,
      "carouselItemCount": 0,
      "repinCount": 0,
      "favouriteUserCount": 0,
      "board": {
        "url": "https://www.pinterest.com/basketfuls/goldens/",
        "name": "Goldens",
        "type": "board",
        "ownerUsername": "basketfuls",
        "ownerName": "S. L.",
        "ownerUrl": "https://www.pinterest.com/basketfuls/"
      },
      "media": [
        {
          "url": "https://i.pinimg.com/originals/46/6b/e5/466be5580569148608176c3d28bcbf71.jpg",
          "type": "image"
        }
      ]
    }
  }
}