{
  "address": "https://www.pinterest.com/pin/88101736450419025/",
  "dataMode": "json",
  "hotlinkProtected": false,
  "connectionTimeOut": -1,
  "otherPropertiesMap": {
    "CustomFolderName": "basketfuls/goldens",
    "CustomFileName": "88101736450419025",
    "FileExtensionHandleMethod": "workoutExtension",
    "_json": {
      "id": "88101736450419025",
      "url": "https://www.pinterest.com/pin/88101736450419025/",
      "type": "pin",
      "title": "",
      "gridTitle": "",
      "description": " ",
      "link": "https://www.instagram.com/p/B2kmbUGpIiX/?igshid=1ih7dxfpuj4j",
      "category": "",
      "isStoryPin": false,
      "isCarousel": false,
      "doneByMe": false,
      "favouritedByMe": false,
      "isRepin": true,
      "storyPinItemCount": 0,
      "carouselItemCount": 0,
      "repinCount": 0,
      "favouriteUserCount": 0,
      "board": {
        "url": "https://www.pinterest.com/basketfuls/goldens/",
        "name": "Goldens",
        "type": "board",
        "ownerUsername": "basketfuls",
        "ownerName": "S. L.",
        "ownerUrl": "https://www.pinterest.com/basketfuls/"
      },
      "media": [
        {
          "url": "https://i.pinimg.com/originals/b7/7f/b2/b77fb28dac591d0640378ae84980f042.jpg",
          "type": "image"
        }
      ]
    }
  }
}