{
  "address": "https://www.pinterest.com/pin/88101736453115703/",
  "dataMode": "json",
  "hotlinkProtected": false,
  "connectionTimeOut": -1,
  "otherPropertiesMap": {
    "CustomFolderName": "basketfuls/goldens",
    "CustomFileName": "88101736453115703",
    "FileExtensionHandleMethod": "workoutExtension",
    "_json": {
      "id": "88101736453115703",
      "url": "https://www.pinterest.com/pin/88101736453115703/",
      "type": "pin",
      "title": "Dis my morning routine! üê∂ üß¶ ‚ù§Ô∏è ‚Å£ ‚Å£",
      "gridTitle": "Dis my morning routine! üê∂ üß¶ ‚ù§Ô∏è ‚Å£ ‚Å£",
      "description": " ",
      "category": "",
      "isStoryPin": false,
      "isCarousel": false,
      "doneByMe": false,
      "favouritedByMe": false,
      "isRepin": true,
      "storyPinItemCount": 0,
      "carouselItemCount": 0,
      "repinCount": 0,
      "favouriteUserCount": 0,
      "creator": {
        "username": "metdaanbeauty1",
        "url": "https://www.pinterest.com/metdaanbeauty1/",
        "name": "MetDaan Beauty"
      },
      "board": {
        "url": "https://www.pinterest.com/basketfuls/goldens/",
        "name": "Goldens",
        "type": "board",
        "ownerUsername": "basketfuls",
        "ownerName": "S. L.",
        "ownerUrl": "https://www.pinterest.com/basketfuls/"
      },
      "media": [
        {
          "url": "https://i.pinimg.com/originals/55/58/2c/55582ca5d87e90deea6eae17689d7008.png",
          "type": "image"
        },
        {
          "url": "https://v1.pinimg.com/videos/mc/720p/c0/b0/52/c0b0523510594b2f5cbb0cfff47e9655.mp4",
          "type": "video"
        }
      ]
    }
  }
}