{
  "address": "https://www.pinterest.com/pin/88101736449806813/",
  "dataMode": "json",
  "hotlinkProtected": false,
  "connectionTimeOut": -1,
  "otherPropertiesMap": {
    "CustomFolderName": "basketfuls/goldens",
    "CustomFileName": "88101736449806813",
    "FileExtensionHandleMethod": "workoutExtension",
    "_json": {
      "id": "88101736449806813",
      "url": "https://www.pinterest.com/pin/88101736449806813/",
      "type": "pin",
      "title": "You can fight, but sleep always wins in the end",
      "gridTitle": "You can fight, but sleep always wins in the end",
      "description": "Io davanti ai film storici",
      "link": "https://www.youtube.com/channel/UCEcJhdT6uv2FAuR1H_K8t5A/videos",
      "category": "",
      "isStoryPin": false,
      "isCarousel": false,
      "doneByMe": false,
      "favouritedByMe": false,
      "isRepin": true,
      "storyPinItemCount": 0,
      "carouselItemCount": 0,
      "repinCount": 17,
      "favouriteUserCount": 0,
      "creator": {
        "username": "Cuteoverloaded",
        "url": "https://www.pinterest.com/Cuteoverloaded/",
        "name": "Cute Overload!"
      },
      "board": {
        "url": "https://www.pinterest.com/basketfuls/goldens/",
        "name": "Goldens",
        "type": "board",
        "ownerUsername": "basketfuls",
        "ownerName": "S. L.",
        "ownerUrl": "https://www.pinterest.com/basketfuls/"
      },
      "media": [
        {
          "url": "https://i.pinimg.com/originals/74/ce/0e/74ce0e8e5f182c7e3bee0d25352316fe.png",
          "type": "image"
        },
        {
          "url": "https://v1.pinimg.com/videos/mc/720p/e1/6e/7e/e16e7e6f41b92cf3a859d3e1a7aa5388.mp4",
          "type": "video"
        }
      ]
    }
  }
}