{
  "address": "https://www.pinterest.com/pin/88101736450151529/",
  "dataMode": "json",
  "hotlinkProtected": false,
  "connectionTimeOut": -1,
  "otherPropertiesMap": {
    "CustomFolderName": "basketfuls/goldens",
    "CustomFileName": "88101736450151529",
    "FileExtensionHandleMethod": "workoutExtension",
    "_json": {
      "id": "88101736450151529",
      "url": "https://www.pinterest.com/pin/88101736450151529/",
      "type": "pin",
      "title": "Guilty Golden Retriever Tries To Hide Eggs In His Mouth",
      "gridTitle": "Guilty Golden Retriever Tries To Hide Eggs In His Mouth",
      "description": "i have no idea where they came from",
      "link": "http://heartsofdogs.com/",
      "category": "",
      "isStoryPin": false,
      "isCarousel": false,
      "doneByMe": false,
      "favouritedByMe": false,
      "isRepin": true,
      "storyPinItemCount": 0,
      "carouselItemCount": 0,
      "repinCount": 0,
      "favouriteUserCount": 0,
      "creator": {
        "username": "heartsofdogs",
        "url": "https://www.pinterest.com/heartsofdogs/",
        "name": "Hearts Of Dogs"
      },
      "board": {
        "url": "https://www.pinterest.com/basketfuls/goldens/",
        "name": "Goldens",
        "type": "board",
        "ownerUsername": "basketfuls",
        "ownerName": "S. L.",
        "ownerUrl": "https://www.pinterest.com/basketfuls/"
      },
      "media": [
        {
          "url": "https://i.pinimg.com/originals/4b/c3/b2/4bc3b218db4e4c113253ad572763391a.png",
          "type": "image"
        },
        {
          "url": "https://v1.pinimg.com/videos/mc/720p/9b/b7/ab/9bb7ab95d95577f0b68671e498204b1a.mp4",
          "type": "video"
        }
      ]
    }
  }
}